// Jest Snapshot v1, https://goo.gl/fbAQLP

exports[`drawLogo should draws a logo properly 1`] = `
"[36m               __     [39m
[36m   _________  / /   __[39m
[36m  / ___/ __ \\/ / | / /[39m
[36m (__  ) /_/ / /| |/ / [39m
[36m/____/\\____/_/ |___/ [3m[37mv1.2.2[39m[36m[23m[39m"
`;
