// Jest Snapshot v1, https://goo.gl/fbAQLP

exports[`Programmers Provider should modify source code before run properly 1`] = `
"

console.info(solution(...global.input))"
`;

exports[`Programmers Provider should parse challenge information from url properly 1`] = `
{
  "description": "정수 num이 짝수일 경우 "Even"을 반환하고 홀수인 경우 "Odd"를 반환하는 함수, solution을 완성해주세요.

제한 조건


num은 int 범위의 정수입니다.
0은 짝수입니다.


입출력 예

        
num
return


        
3
"Odd"


4
"Even"",
  "id": "12937",
  "initialCode": "function solution(num) {
    var answer = '';
    return answer;
}",
  "input": [
    [
      "3",
    ],
    [
      "4",
    ],
  ],
  "output": [
    ""Odd"",
    ""Even"",
  ],
  "provider": ProgrammersProvider {
    "needJs": false,
  },
  "title": "짝수와 홀수",
}
`;
